00:20:46 **** Incremental Build of configuration Debug for project PUSH_BTN_INPUT_C8 ****
make -j16 all 
arm-none-eabi-gcc "../Core/Src/main.c" -mcpu=cortex-m3 -std=gnu11 -g3 -DDEBUG -DUSE_HAL_DRIVER -DSTM32F103xB -c -I../Core/Inc -I../Drivers/STM32F1xx_HAL_Driver/Inc/Legacy -I../Drivers/STM32F1xx_HAL_Driver/Inc -I../Drivers/CMSIS/Device/ST/STM32F1xx/Include -I../Drivers/CMSIS/Include -O0 -ffunction-sections -fdata-sections -Wall -fstack-usage -fcyclomatic-complexity -MMD -MP -MF"Core/Src/main.d" -MT"Core/Src/main.o" --specs=nano.specs -mfloat-abi=soft -mthumb -o "Core/Src/main.o"
../Core/Src/main.c: In function 'main':
../Core/Src/main.c:102:9: warning: implicit declaration of function 'HAL_GPIO_Writepin'; did you mean 'HAL_GPIO_WritePin'? [-Wimplicit-function-declaration]
  102 |         HAL_GPIO_Writepin(GPIOA,GPIO_PIN_1,GPIO_PIN_RESET);
      |         ^~~~~~~~~~~~~~~~~
      |         HAL_GPIO_WritePin
arm-none-eabi-gcc -o "PUSH_BTN_INPUT_C8.elf" @"objects.list"   -mcpu=cortex-m3 -T"F:\STM32\STM32_PRATICE_TASKS\PUSH_BTN_INPUT_C8\STM32F103C8TX_FLASH.ld" --specs=nosys.specs -Wl,-Map="PUSH_BTN_INPUT_C8.map" -Wl,--gc-sections -static --specs=nano.specs -mfloat-abi=soft -mthumb -Wl,--start-group -lc -lm -Wl,--end-group
C:/ST/STM32CubeIDE_1.15.1/STM32CubeIDE/plugins/com.st.stm32cube.ide.mcu.externaltools.gnu-tools-for-stm32.12.3.rel1.win32_1.0.100.202403111256/tools/bin/../lib/gcc/arm-none-eabi/12.3.1/../../../../arm-none-eabi/bin/ld.exe: ./Core/Src/main.o: in function `main':
F:/STM32/STM32_PRATICE_TASKS/PUSH_BTN_INPUT_C8/Debug/../Core/Src/main.c:102: undefined reference to `HAL_GPIO_Writepin'
collect2.exe: error: ld returned 1 exit status
make: *** [makefile:67: PUSH_BTN_INPUT_C8.elf] Error 1
"make -j16 all" terminated with exit code 2. Build might be incomplete.
00:21:17 **** Build of configuration Debug for project LED_INPUT_FORWARD_BACKWARD_C8 ****
make -j16 all 
arm-none-eabi-size  LED_INPUT_FORWARD_BACKWARD_C8.elf 
   text	   data	    bss	    dec	    hex	filename
   4852	     28	   1572	   6452	   1934	LED_INPUT_FORWARD_BACKWARD_C8.elf
Finished building: default.size.stdout
 
00:21:17 **** Build of configuration Debug for project LED_INPUT_FROWRD _BACKWARD ****
make -j16 all 
arm-none-eabi-size  LED_INPUT_FROWRD\ _BACKWARD.elf 
   text	   data	    bss	    dec	    hex	filename
    704	      4	   1572	   2280	    8e8	LED_INPUT_FROWRD _BACKWARD.elf
Finished building: default.size.stdout
 
00:21:18 **** Incremental Build of configuration Debug for project PUSH_BTN_INPUT_C8 ****
make -j16 all 
arm-none-eabi-gcc "../Core/Src/main.c" -mcpu=cortex-m3 -std=gnu11 -g3 -DDEBUG -DUSE_HAL_DRIVER -DSTM32F103xB -c -I../Core/Inc -I../Drivers/STM32F1xx_HAL_Driver/Inc/Legacy -I../Drivers/STM32F1xx_HAL_Driver/Inc -I../Drivers/CMSIS/Device/ST/STM32F1xx/Include -I../Drivers/CMSIS/Include -O0 -ffunction-sections -fdata-sections -Wall -fstack-usage -fcyclomatic-complexity -MMD -MP -MF"Core/Src/main.d" -MT"Core/Src/main.o" --specs=nano.specs -mfloat-abi=soft -mthumb -o "Core/Src/main.o"
arm-none-eabi-gcc -o "PUSH_BTN_INPUT_C8.elf" @"objects.list"   -mcpu=cortex-m3 -T"F:\STM32\STM32_PRATICE_TASKS\PUSH_BTN_INPUT_C8\STM32F103C8TX_FLASH.ld" --specs=nosys.specs -Wl,-Map="PUSH_BTN_INPUT_C8.map" -Wl,--gc-sections -static --specs=nano.specs -mfloat-abi=soft -mthumb -Wl,--start-group -lc -lm -Wl,--end-group
Finished building target: PUSH_BTN_INPUT_C8.elf
 
arm-none-eabi-size  PUSH_BTN_INPUT_C8.elf 
arm-none-eabi-objdump -h -S PUSH_BTN_INPUT_C8.elf  > "PUSH_BTN_INPUT_C8.list"
   text	   data	    bss	    dec	    hex	filename
   4552	     12	   1572	   6136	   17f8	PUSH_BTN_INPUT_C8.elf
arm-none-eabi-objcopy  -O ihex PUSH_BTN_INPUT_C8.elf  "PUSH_BTN_INPUT_C8.hex"
Finished building: default.size.stdout
 
Finished building: PUSH_BTN_INPUT_C8.list
Finished building: PUSH_BTN_INPUT_C8.hex
 
 
